// Jest Snapshot v1, https://goo.gl/fbAQLP

exports[`PokemonPage Component Debe de hacer match con el snapshot 1`] = `
<div>
  <h1>Â¿Quien es este pokemon?</h1>
  <div class="pokemon-container"><img src="https://raw.githubusercontent.com/PokeAPI/sprites/master/sprites/pokemon/other/dream-world/5.svg" class="hidden-pokemon" alt="pokemon">
    <!--v-if-->
  </div>
  <div class="options-container">
    <ul>
      <li>pikachu</li>
      <li>ivysaur</li>
      <li>venusaur</li>
      <li>charmander</li>
    </ul>
  </div>
  <!--v-if-->
</div>
`;
