// Jest Snapshot v1, https://goo.gl/fbAQLP

exports[`Test PokemonOption Debe hacer match con el snapshot 1`] = `
<div
  class="options-container"
>
  <ul>
    
    <li>
      pikachu
    </li>
    <li>
      ivysaur
    </li>
    <li>
      venusaur
    </li>
    <li>
      charmander
    </li>
    
  </ul>
</div>
`;
